
> document-responder-ai@0.1.0 build
> next build

Γû▓ Next.js 16.2.2 (Turbopack)
- Environments: .env.local

  Creating an optimized production build ...
Γ£ô Compiled successfully in 8.1s
  Running TypeScript ...
  Finished TypeScript in 15.2s ...
  Collecting page data using 10 workers ...
npm : Warning: Cannot 
access the `require` 
function: "TypeError: 
process.getBuiltinModule 
is not a function".
At line:1 char:1
+ npm run build > 
build_output.txt 2>&1
+ ~~~~~~~~~~~~~~~~~~~~~~~~
~~~~~~~~~~~~~
    + CategoryInfo        
      : NotSpecified: (W  
  arning: Cannot...ot a   
  function".:String) [    
], RemoteException
    + FullyQualifiedError 
   Id : NativeCommandErr  
  or
 
Warning: Cannot polyfill 
`DOMMatrix`, rendering 
may be broken.
Warning: Cannot polyfill 
`ImageData`, rendering 
may be broken.
Warning: Cannot polyfill 
`Path2D`, rendering may 
be broken.
Error: Failed to load 
external module pdf-parse-
08f4573089f02674: 
ReferenceError: DOMMatrix 
is not defined
    at 
Context.externalImport 
[as y] (D:\FINAL 
YR\project folder\document
-responder-ai\.next\server
\chunks\[turbopack]_runtim
e.js:607:15)
    at async (D:\FINAL 
YR\project folder\document
-responder-ai\.next\server
\chunks\[root-of-the-serve
r]__0-6am8d._.js:1:1025)

> Build error occurred
Error: Failed to collect 
page data for /api/upload
    at ignore-listed 
frames {
  type: 'Error'
}
