Testing gemini-2.5-flash...
[SUCCESS] gemini-2.5-flash works: ok
